Archive member included to satisfy reference by file (symbol)

/usr/lib/gcc/avr/4.9.2/avr5/libgcc.a(_udivmodqi4.o)
                              I2C_Time.o (__udivmodqi4)
/usr/lib/gcc/avr/4.9.2/avr5/libgcc.a(_exit.o)
                              /usr/lib/gcc/avr/4.9.2/../../../avr/lib/avr5/crtatmega328.o (exit)
/usr/lib/gcc/avr/4.9.2/avr5/libgcc.a(_copy_data.o)
                              I2C_Time.o (__do_copy_data)

Discarded input sections

 .data          0x0000000000000000        0x0 /usr/lib/gcc/avr/4.9.2/../../../avr/lib/avr5/crtatmega328.o
 .bss           0x0000000000000000        0x0 /usr/lib/gcc/avr/4.9.2/../../../avr/lib/avr5/crtatmega328.o
 .text          0x0000000000000000        0x0 I2C_Time.o
 .data          0x0000000000000000        0x0 I2C_Time.o
 .bss           0x0000000000000000        0x0 I2C_Time.o
 .text.nibbleToHexCharacter
                0x0000000000000000        0xc I2C_Time.o
 .text.printHexByte
                0x0000000000000000       0x1e I2C_Time.o
 .text          0x0000000000000000        0x0 ../../custom_library/USART.o
 .data          0x0000000000000000        0x0 ../../custom_library/USART.o
 .bss           0x0000000000000000        0x0 ../../custom_library/USART.o
 .text.Serial_initInterrupt
                0x0000000000000000        0xc ../../custom_library/USART.o
 .text.Serial_available
                0x0000000000000000        0xc ../../custom_library/USART.o
 .text.Serial_receiveByte
                0x0000000000000000        0x6 ../../custom_library/USART.o
 .text          0x0000000000000000        0x0 ../../custom_library/SPI_with_EEPROM.o
 .data          0x0000000000000000        0x0 ../../custom_library/SPI_with_EEPROM.o
 .bss           0x0000000000000000        0x0 ../../custom_library/SPI_with_EEPROM.o
 .stab          0x0000000000000000      0xb04 ../../custom_library/SPI_with_EEPROM.o
                                        0xccc (size before relaxing)
 .text.initSPI  0x0000000000000000       0x96 ../../custom_library/SPI_with_EEPROM.o
 .text.SPI_tradeByte
                0x0000000000000000        0xa ../../custom_library/SPI_with_EEPROM.o
 .text.EEPROM_address
                0x0000000000000000       0x12 ../../custom_library/SPI_with_EEPROM.o
 .text.EEPROMM_readStatus
                0x0000000000000000       0x14 ../../custom_library/SPI_with_EEPROM.o
 .text.EEPROM_readByte
                0x0000000000000000       0x24 ../../custom_library/SPI_with_EEPROM.o
 .text.EEPROM_writeEnable
                0x0000000000000000        0xc ../../custom_library/SPI_with_EEPROM.o
 .text.EEPROM_writeDisable
                0x0000000000000000        0xc ../../custom_library/SPI_with_EEPROM.o
 .text.EEPROM_writeIn
                0x0000000000000000        0xc ../../custom_library/SPI_with_EEPROM.o
 .text.EEPROM_writeSingleByte
                0x0000000000000000       0x3a ../../custom_library/SPI_with_EEPROM.o
 .text.EEPROM_writeMax64Byte
                0x0000000000000000       0x30 ../../custom_library/SPI_with_EEPROM.o
 .text.EEPROM_readStringToSerial
                0x0000000000000000       0x40 ../../custom_library/SPI_with_EEPROM.o
 .text.EEPROM_writeString
                0x0000000000000000       0x60 ../../custom_library/SPI_with_EEPROM.o
 .rodata.str1.1
                0x0000000000000000       0x58 ../../custom_library/SPI_with_EEPROM.o
 .text.EEPROM_clearAll
                0x0000000000000000       0x48 ../../custom_library/SPI_with_EEPROM.o
 .comment       0x0000000000000000       0x12 ../../custom_library/SPI_with_EEPROM.o
 .text          0x0000000000000000        0x0 /usr/lib/gcc/avr/4.9.2/avr5/libgcc.a(_udivmodqi4.o)
 .data          0x0000000000000000        0x0 /usr/lib/gcc/avr/4.9.2/avr5/libgcc.a(_udivmodqi4.o)
 .bss           0x0000000000000000        0x0 /usr/lib/gcc/avr/4.9.2/avr5/libgcc.a(_udivmodqi4.o)
 .text.libgcc.mul
                0x0000000000000000        0x0 /usr/lib/gcc/avr/4.9.2/avr5/libgcc.a(_udivmodqi4.o)
 .text.libgcc   0x0000000000000000        0x0 /usr/lib/gcc/avr/4.9.2/avr5/libgcc.a(_udivmodqi4.o)
 .text.libgcc.prologue
                0x0000000000000000        0x0 /usr/lib/gcc/avr/4.9.2/avr5/libgcc.a(_udivmodqi4.o)
 .text.libgcc.builtins
                0x0000000000000000        0x0 /usr/lib/gcc/avr/4.9.2/avr5/libgcc.a(_udivmodqi4.o)
 .text.libgcc.fmul
                0x0000000000000000        0x0 /usr/lib/gcc/avr/4.9.2/avr5/libgcc.a(_udivmodqi4.o)
 .text.libgcc.fixed
                0x0000000000000000        0x0 /usr/lib/gcc/avr/4.9.2/avr5/libgcc.a(_udivmodqi4.o)
 .text          0x0000000000000000        0x0 /usr/lib/gcc/avr/4.9.2/avr5/libgcc.a(_exit.o)
 .data          0x0000000000000000        0x0 /usr/lib/gcc/avr/4.9.2/avr5/libgcc.a(_exit.o)
 .bss           0x0000000000000000        0x0 /usr/lib/gcc/avr/4.9.2/avr5/libgcc.a(_exit.o)
 .text.libgcc.mul
                0x0000000000000000        0x0 /usr/lib/gcc/avr/4.9.2/avr5/libgcc.a(_exit.o)
 .text.libgcc.div
                0x0000000000000000        0x0 /usr/lib/gcc/avr/4.9.2/avr5/libgcc.a(_exit.o)
 .text.libgcc   0x0000000000000000        0x0 /usr/lib/gcc/avr/4.9.2/avr5/libgcc.a(_exit.o)
 .text.libgcc.prologue
                0x0000000000000000        0x0 /usr/lib/gcc/avr/4.9.2/avr5/libgcc.a(_exit.o)
 .text.libgcc.builtins
                0x0000000000000000        0x0 /usr/lib/gcc/avr/4.9.2/avr5/libgcc.a(_exit.o)
 .text.libgcc.fmul
                0x0000000000000000        0x0 /usr/lib/gcc/avr/4.9.2/avr5/libgcc.a(_exit.o)
 .text.libgcc.fixed
                0x0000000000000000        0x0 /usr/lib/gcc/avr/4.9.2/avr5/libgcc.a(_exit.o)
 .text          0x0000000000000000        0x0 /usr/lib/gcc/avr/4.9.2/avr5/libgcc.a(_copy_data.o)
 .data          0x0000000000000000        0x0 /usr/lib/gcc/avr/4.9.2/avr5/libgcc.a(_copy_data.o)
 .bss           0x0000000000000000        0x0 /usr/lib/gcc/avr/4.9.2/avr5/libgcc.a(_copy_data.o)
 .text.libgcc.mul
                0x0000000000000000        0x0 /usr/lib/gcc/avr/4.9.2/avr5/libgcc.a(_copy_data.o)
 .text.libgcc.div
                0x0000000000000000        0x0 /usr/lib/gcc/avr/4.9.2/avr5/libgcc.a(_copy_data.o)
 .text.libgcc   0x0000000000000000        0x0 /usr/lib/gcc/avr/4.9.2/avr5/libgcc.a(_copy_data.o)
 .text.libgcc.prologue
                0x0000000000000000        0x0 /usr/lib/gcc/avr/4.9.2/avr5/libgcc.a(_copy_data.o)
 .text.libgcc.builtins
                0x0000000000000000        0x0 /usr/lib/gcc/avr/4.9.2/avr5/libgcc.a(_copy_data.o)
 .text.libgcc.fmul
                0x0000000000000000        0x0 /usr/lib/gcc/avr/4.9.2/avr5/libgcc.a(_copy_data.o)
 .text.libgcc.fixed
                0x0000000000000000        0x0 /usr/lib/gcc/avr/4.9.2/avr5/libgcc.a(_copy_data.o)

Memory Configuration

Name             Origin             Length             Attributes
text             0x0000000000000000 0x0000000000020000 xr
data             0x0000000000800060 0x000000000000ffa0 rw !x
eeprom           0x0000000000810000 0x0000000000010000 rw !x
fuse             0x0000000000820000 0x0000000000000400 rw !x
lock             0x0000000000830000 0x0000000000000400 rw !x
signature        0x0000000000840000 0x0000000000000400 rw !x
user_signatures  0x0000000000850000 0x0000000000000400 rw !x
*default*        0x0000000000000000 0xffffffffffffffff

Linker script and memory map

Address of section .data set to 0x800100
LOAD /usr/lib/gcc/avr/4.9.2/../../../avr/lib/avr5/crtatmega328.o
LOAD I2C_Time.o
LOAD ../../custom_library/USART.o
LOAD ../../custom_library/SPI_with_EEPROM.o
START GROUP
LOAD /usr/lib/gcc/avr/4.9.2/avr5/libgcc.a
LOAD /usr/lib/gcc/avr/4.9.2/../../../avr/lib/avr5/libm.a
LOAD /usr/lib/gcc/avr/4.9.2/../../../avr/lib/avr5/libc.a
LOAD /usr/lib/gcc/avr/4.9.2/../../../avr/lib/avr5/libatmega328.a
END GROUP

.hash
 *(.hash)

.dynsym
 *(.dynsym)

.dynstr
 *(.dynstr)

.gnu.version
 *(.gnu.version)

.gnu.version_d
 *(.gnu.version_d)

.gnu.version_r
 *(.gnu.version_r)

.rel.init
 *(.rel.init)

.rela.init
 *(.rela.init)

.rel.text
 *(.rel.text)
 *(.rel.text.*)
 *(.rel.gnu.linkonce.t*)

.rela.text
 *(.rela.text)
 *(.rela.text.*)
 *(.rela.gnu.linkonce.t*)

.rel.fini
 *(.rel.fini)

.rela.fini
 *(.rela.fini)

.rel.rodata
 *(.rel.rodata)
 *(.rel.rodata.*)
 *(.rel.gnu.linkonce.r*)

.rela.rodata
 *(.rela.rodata)
 *(.rela.rodata.*)
 *(.rela.gnu.linkonce.r*)

.rel.data
 *(.rel.data)
 *(.rel.data.*)
 *(.rel.gnu.linkonce.d*)

.rela.data
 *(.rela.data)
 *(.rela.data.*)
 *(.rela.gnu.linkonce.d*)

.rel.ctors
 *(.rel.ctors)

.rela.ctors
 *(.rela.ctors)

.rel.dtors
 *(.rel.dtors)

.rela.dtors
 *(.rela.dtors)

.rel.got
 *(.rel.got)

.rela.got
 *(.rela.got)

.rel.bss
 *(.rel.bss)

.rela.bss
 *(.rela.bss)

.rel.plt
 *(.rel.plt)

.rela.plt
 *(.rela.plt)

.text           0x0000000000000000      0x374
 *(.vectors)
 .vectors       0x0000000000000000       0x68 /usr/lib/gcc/avr/4.9.2/../../../avr/lib/avr5/crtatmega328.o
                0x0000000000000000                __vectors
                0x0000000000000000                __vector_default
 *(.vectors)
 *(.progmem.gcc*)
                0x0000000000000068                . = ALIGN (0x2)
                0x0000000000000068                __trampolines_start = .
 *(.trampolines)
 .trampolines   0x0000000000000068        0x0 linker stubs
 *(.trampolines*)
                0x0000000000000068                __trampolines_end = .
 *(.progmem*)
                0x0000000000000068                . = ALIGN (0x2)
 *(.jumptables)
 *(.jumptables*)
 *(.lowtext)
 *(.lowtext*)
                0x0000000000000068                __ctors_start = .
 *(.ctors)
                0x0000000000000068                __ctors_end = .
                0x0000000000000068                __dtors_start = .
 *(.dtors)
                0x0000000000000068                __dtors_end = .
 SORT(*)(.ctors)
 SORT(*)(.dtors)
 *(.init0)
 .init0         0x0000000000000068        0x0 /usr/lib/gcc/avr/4.9.2/../../../avr/lib/avr5/crtatmega328.o
                0x0000000000000068                __init
 *(.init0)
 *(.init1)
 *(.init1)
 *(.init2)
 .init2         0x0000000000000068        0xc /usr/lib/gcc/avr/4.9.2/../../../avr/lib/avr5/crtatmega328.o
 *(.init2)
 *(.init3)
 *(.init3)
 *(.init4)
 .init4         0x0000000000000074       0x16 /usr/lib/gcc/avr/4.9.2/avr5/libgcc.a(_copy_data.o)
                0x0000000000000074                __do_copy_data
 *(.init4)
 *(.init5)
 *(.init5)
 *(.init6)
 *(.init6)
 *(.init7)
 *(.init7)
 *(.init8)
 *(.init8)
 *(.init9)
 .init9         0x000000000000008a        0x8 /usr/lib/gcc/avr/4.9.2/../../../avr/lib/avr5/crtatmega328.o
 *(.init9)
 *(.text)
 .text          0x0000000000000092        0x4 /usr/lib/gcc/avr/4.9.2/../../../avr/lib/avr5/crtatmega328.o
                0x0000000000000092                __vector_22
                0x0000000000000092                __vector_1
                0x0000000000000092                __vector_24
                0x0000000000000092                __vector_12
                0x0000000000000092                __bad_interrupt
                0x0000000000000092                __vector_6
                0x0000000000000092                __vector_3
                0x0000000000000092                __vector_23
                0x0000000000000092                __vector_25
                0x0000000000000092                __vector_11
                0x0000000000000092                __vector_13
                0x0000000000000092                __vector_17
                0x0000000000000092                __vector_19
                0x0000000000000092                __vector_7
                0x0000000000000092                __vector_5
                0x0000000000000092                __vector_4
                0x0000000000000092                __vector_9
                0x0000000000000092                __vector_2
                0x0000000000000092                __vector_21
                0x0000000000000092                __vector_15
                0x0000000000000092                __vector_8
                0x0000000000000092                __vector_14
                0x0000000000000092                __vector_10
                0x0000000000000092                __vector_16
                0x0000000000000092                __vector_18
                0x0000000000000092                __vector_20
                0x0000000000000096                . = ALIGN (0x2)
 *(.text.*)
 .text.init_I2C
                0x0000000000000096       0x12 I2C_Time.o
                0x0000000000000096                init_I2C
 .text.I2C_waitForComplete
                0x00000000000000a8        0xa I2C_Time.o
                0x00000000000000a8                I2C_waitForComplete
 .text.I2C_start
                0x00000000000000b2        0xa I2C_Time.o
                0x00000000000000b2                I2C_start
 .text.I2C_stop
                0x00000000000000bc       0x10 I2C_Time.o
                0x00000000000000bc                I2C_stop
 .text.I2C_readAck
                0x00000000000000cc       0x10 I2C_Time.o
                0x00000000000000cc                I2C_readAck
 .text.I2C_readNoAck
                0x00000000000000dc       0x18 I2C_Time.o
                0x00000000000000dc                I2C_readNoAck
 .text.I2C_send
                0x00000000000000f4        0xe I2C_Time.o
                0x00000000000000f4                I2C_send
 .text.printByte
                0x0000000000000102       0x32 I2C_Time.o
                0x0000000000000102                printByte
 .text.startup.main
                0x0000000000000134      0x1a0 I2C_Time.o
                0x0000000000000134                main
 .text.Serial_init
                0x00000000000002d4       0x2a ../../custom_library/USART.o
                0x00000000000002d4                Serial_init
 .text.Serial_transmitComplete
                0x00000000000002fe        0xc ../../custom_library/USART.o
                0x00000000000002fe                Serial_transmitComplete
 .text.Serial_bufferEmpty
                0x000000000000030a        0xc ../../custom_library/USART.o
                0x000000000000030a                Serial_bufferEmpty
 .text.Serial_transmitByte
                0x0000000000000316       0x1c ../../custom_library/USART.o
                0x0000000000000316                Serial_transmitByte
 .text.Serial_printString
                0x0000000000000332       0x26 ../../custom_library/USART.o
                0x0000000000000332                Serial_printString
 .text.libgcc.div
                0x0000000000000358       0x18 /usr/lib/gcc/avr/4.9.2/avr5/libgcc.a(_udivmodqi4.o)
                0x0000000000000358                __udivmodqi4
                0x0000000000000370                . = ALIGN (0x2)
 *(.fini9)
 .fini9         0x0000000000000370        0x0 /usr/lib/gcc/avr/4.9.2/avr5/libgcc.a(_exit.o)
                0x0000000000000370                exit
                0x0000000000000370                _exit
 *(.fini9)
 *(.fini8)
 *(.fini8)
 *(.fini7)
 *(.fini7)
 *(.fini6)
 *(.fini6)
 *(.fini5)
 *(.fini5)
 *(.fini4)
 *(.fini4)
 *(.fini3)
 *(.fini3)
 *(.fini2)
 *(.fini2)
 *(.fini1)
 *(.fini1)
 *(.fini0)
 .fini0         0x0000000000000370        0x4 /usr/lib/gcc/avr/4.9.2/avr5/libgcc.a(_exit.o)
 *(.fini0)
                0x0000000000000374                _etext = .

.data           0x0000000000800100        0xa load address 0x0000000000000374
                0x0000000000800100                PROVIDE (__data_start, .)
 *(.data)
 *(.data*)
 *(.rodata)
 *(.rodata*)
 .rodata.str1.1
                0x0000000000800100        0x9 I2C_Time.o
                                          0xb (size before relaxing)
 *(.gnu.linkonce.d*)
                0x000000000080010a                . = ALIGN (0x2)
 *fill*         0x0000000000800109        0x1 
                0x000000000080010a                _edata = .
                0x000000000080010a                PROVIDE (__data_end, .)

.bss            0x000000000080010a        0x0
                0x000000000080010a                PROVIDE (__bss_start, .)
 *(.bss)
 *(.bss*)
 *(COMMON)
                0x000000000080010a                PROVIDE (__bss_end, .)
                0x0000000000000374                __data_load_start = LOADADDR (.data)
                0x000000000000037e                __data_load_end = (__data_load_start + SIZEOF (.data))

.noinit         0x000000000080010a        0x0
                0x000000000080010a                PROVIDE (__noinit_start, .)
 *(.noinit*)
                0x000000000080010a                PROVIDE (__noinit_end, .)
                0x000000000080010a                _end = .
                0x000000000080010a                PROVIDE (__heap_start, .)

.eeprom         0x0000000000810000        0x0
 *(.eeprom*)
                0x0000000000810000                __eeprom_end = .

.fuse
 *(.fuse)
 *(.lfuse)
 *(.hfuse)
 *(.efuse)

.lock
 *(.lock*)

.signature
 *(.signature*)

.user_signatures
 *(.user_signatures*)

.stab           0x0000000000000000      0xffc
 *(.stab)
 .stab          0x0000000000000000      0xad4 I2C_Time.o
                                        0xbac (size before relaxing)
 .stab          0x0000000000000ad4      0x528 ../../custom_library/USART.o
                                        0x7bc (size before relaxing)

.stabstr        0x0000000000000000     0x1124
 *(.stabstr)
 .stabstr       0x0000000000000000     0x1124 I2C_Time.o

.stab.excl
 *(.stab.excl)

.stab.exclstr
 *(.stab.exclstr)

.stab.index
 *(.stab.index)

.stab.indexstr
 *(.stab.indexstr)

.comment        0x0000000000000000       0x11
 *(.comment)
 .comment       0x0000000000000000       0x11 I2C_Time.o
                                         0x12 (size before relaxing)
 .comment       0x0000000000000011       0x12 ../../custom_library/USART.o

.note.gnu.avr.deviceinfo
                0x0000000000000000       0x3c
 .note.gnu.avr.deviceinfo
                0x0000000000000000       0x3c /usr/lib/gcc/avr/4.9.2/../../../avr/lib/avr5/crtatmega328.o

.note.gnu.build-id
 *(.note.gnu.build-id)

.debug
 *(.debug)

.line
 *(.line)

.debug_srcinfo
 *(.debug_srcinfo)

.debug_sfnames
 *(.debug_sfnames)

.debug_aranges
 *(.debug_aranges)

.debug_pubnames
 *(.debug_pubnames)

.debug_info
 *(.debug_info .gnu.linkonce.wi.*)

.debug_abbrev
 *(.debug_abbrev)

.debug_line
 *(.debug_line .debug_line.* .debug_line_end)

.debug_frame
 *(.debug_frame)

.debug_str
 *(.debug_str)

.debug_loc
 *(.debug_loc)

.debug_macinfo
 *(.debug_macinfo)

.debug_weaknames
 *(.debug_weaknames)

.debug_funcnames
 *(.debug_funcnames)

.debug_typenames
 *(.debug_typenames)

.debug_varnames
 *(.debug_varnames)

.debug_pubtypes
 *(.debug_pubtypes)

.debug_ranges
 *(.debug_ranges)

.debug_macro
 *(.debug_macro)
OUTPUT(I2C_Time.elf elf32-avr)
LOAD linker stubs
